C51 COMPILER V9.60.7.0   MAIN                                                              11/21/2023 19:45:19 PAGE 1   


C51 COMPILER V9.60.7.0, COMPILATION OF MODULE MAIN
OBJECT MODULE PLACED IN .\Objects\main.obj
COMPILER INVOKED BY: C:\Keil_v5\C51\BIN\C51.EXE main.c LARGE OPTIMIZE(8,SPEED) BROWSE INCDIR(D:\MS51BSP_KEIL-master\MS51
                    -FB9AE_MS51XB9AE_MS51XB9BE\Library\Device\Include;D:\MS51BSP_KEIL-master\MS51FB9AE_MS51XB9AE_MS51XB9BE\Library\StdDriver\
                    -inc) DEBUG OBJECTEXTEND PRINT(.\Listings\main.lst) TABS(2) OBJECT(.\Objects\main.obj)

line level    source

   1          #include "MS51_16K.h"
   2          
   3          #define MGS4 P05
   4          #define MGS3 P06 
   5          #define MGS2 P07
   6          #define MGS1 P30
   7          
   8          #define SW4 P17
   9          #define SW3 P16
  10          #define SW2 P15
  11          #define SW1 P14
  12          
  13          #define LD4 P10
  14          #define LD3 P11
  15          #define LD2 P12 
  16          #define LD1 P13
  17          
  18          #define BZ  P00
  19          
  20          #define RL1 P04 
  21          #define RL2 P03
  22          #define RL3 P02
  23          #define RL4 P01
  24          
  25          
  26          unsigned char temp _at_ 0x08;
  27          unsigned char idata itemp _at_ 0x90;
  28          unsigned char xdata xtemp _at_ 0x80;
  29          
  30          unsigned long counter=0, RelayCounter =0;
  31          bit sw_flag = 1;
  32          
  33          void sw_delay(int ms);
  34          void setup(void);
  35          
  36          
  37          /* if define TIMER0_FSYS_DIV12, timer = (0x1FFF-0x1000)*12/24MHz = 4.08ms */
  38          /* if define TIMER0_FSYS, timer = (0x1FFF-0x0010)/24MHz = 340us */
  39          #define TH0_INIT        0x00
  40          #define TL0_INIT        0x10 
  41          
  42          /*********************************************************************************************************
             -***
  43          *    TIMER 0 interrupt subroutine
  44          **********************************************************************************************************
             -**/
  45          void Timer0_ISR (void) interrupt 1           /*interrupt address is 0x000B */
  46          {
  47   1          _push_(SFRS);
  48   1        
  49   1          TH0 = TH0_INIT;
  50   1          TL0 = TL0_INIT;
  51   1          TF0 = 0 ;
C51 COMPILER V9.60.7.0   MAIN                                                              11/21/2023 19:45:19 PAGE 2   

  52   1          RelayCounter++;
  53   1        if( MGS1 == 1 || MGS2==1 || MGS3==1 || MGS4 ==1)
  54   1        {   
  55   2          counter++;
  56   2        }
  57   1        else
  58   1        {
  59   2          counter=0;
  60   2        }
  61   1        
  62   1        if((counter > 0x993) && ((LD4 == 1)||(LD3 == 1) ||(LD2 == 1) ||(LD1 == 1)))
  63   1         {
  64   2            BZ = 1;
  65   2            sw_delay(500);
  66   2            BZ = 0;
  67   2            sw_delay(500); 
  68   2            BZ = 1;
  69   2            sw_delay(500);
  70   2            BZ = 0;
  71   2        //            }
  72   2        }else
  73   1        {
  74   2            counter =0;
  75   2            BZ = 0;
  76   2        }
  77   1          _pop_(SFRS);
  78   1      }
  79          
  80          
  81          void main(void){
  82   1        /* UART0 initial for printf */
  83   1        setup();
  84   1        ENABLE_TIMER1_MODE0;                           /* Timer 0 mode configuration */
  85   1        TIMER0_FSYS_DIV12;
  86   1        TH0 = TH0_INIT;
  87   1        TL0 = TL0_INIT;
  88   1        ENABLE_TIMER0_INTERRUPT;      /* Timer 0 mode configuration */
  89   1        ENABLE_GLOBAL_INTERRUPT;                       /* enable interrupts */
  90   1      
  91   1        WDT_Open(256);
  92   1        WDT_Interrupt(Disable);
  93   1        RL1 = RL2 = RL3 = RL4 = BZ=  0;
  94   1        LD4 = LD3 = LD2 = LD1 =  1 ; 
  95   1         
  96   1        
  97   1      while(1){
  98   2        //If MGS pin is not connected then switch will be 0 if it is not then it is 1
  99   2         if((MGS4 == 1)||
 100   2            (MGS3 == 1)||
 101   2            (MGS2 == 1)||
 102   2            (MGS1 == 1))
 103   2          {
 104   3             sw_flag = 0;
 105   3          }
 106   2          else
 107   2          {
 108   3            sw_flag = 1; 
 109   3          }
 110   2      
 111   2          
 112   2            //Switch 4
 113   2           if(SW4 == 0x00)
C51 COMPILER V9.60.7.0   MAIN                                                              11/21/2023 19:45:19 PAGE 3   

 114   2           { 
 115   3              //Checking all MGS 
 116   3              if((MGS4 == 0)&&
 117   3                (MGS3 == 0)&&
 118   3                (MGS2 == 0)&&
 119   3                (MGS1== 0)&&((RL1 == 0 )||(RL2 == 0 )||(RL3 == 0)||(RL4 ==0 )))
 120   3              {
 121   4                RL4 = 1;
 122   4                RelayCounter =0;
 123   4              }
 124   3              //Ring the buzzer
 125   3              BZ = 1;
 126   3              sw_delay(100);
 127   3              BZ = 0; 
 128   3              sw_delay(100); 
 129   3              BZ = 1;
 130   3              sw_delay(100); 
 131   3              BZ = 0;
 132   3              ENABLE_TIMER0_INTERRUPT;
 133   3              set_TCON_TR0; 
 134   3              while(RelayCounter < 1225){
 135   4                 if((MGS4 == 1)||
 136   4                    (MGS3 == 1)||
 137   4                    (MGS2 == 1)||
 138   4                    (MGS1== 1)){
 139   5                        RL4 = 0;
 140   5                        DISABLE_TIMER0_INTERRUPT; 
 141   5                        clr_TCON_TR0;
 142   5                        break; 
 143   5                    }
 144   4                    
 145   4                 if((SW4==0) || (SW3==0) || (SW2==0) || (SW1==0))
 146   4                 {
 147   5                    BZ = 1;
 148   5                 }
 149   4                 else
 150   4                 {
 151   5                   BZ =0;
 152   5                 }
 153   4             }
 154   3             RL4 = 0;
 155   3             BZ = 0;
 156   3           }
 157   2           
 158   2           
 159   2           if(SW2 == 0x00)
 160   2           {
 161   3             if((MGS4 == 0)&&
 162   3               (MGS3 == 0)&&
 163   3               (MGS2 == 0)&&
 164   3               (MGS1== 0)&&((RL1 == 0 )||(RL2 == 0 )||(RL3 == 0)||(RL4 ==0 )))
 165   3            {
 166   4              RL2 = 1; 
 167   4              RelayCounter =0;
 168   4            }
 169   3             BZ = 1;
 170   3             sw_delay(100); 
 171   3             BZ = 0;
 172   3             ENABLE_TIMER0_INTERRUPT;
 173   3             set_TCON_TR0; 
 174   3             while(RelayCounter < 1225){
 175   4                 if((MGS4 == 1)||
C51 COMPILER V9.60.7.0   MAIN                                                              11/21/2023 19:45:19 PAGE 4   

 176   4                    (MGS3 == 1)||
 177   4                    (MGS2 == 1)||
 178   4                    (MGS1== 1)){
 179   5                        RL2 = 0;
 180   5                        DISABLE_TIMER0_INTERRUPT; 
 181   5                        clr_TCON_TR0;
 182   5                        break; 
 183   5                    }
 184   4                  if((SW4==0) || (SW3==0) || (SW2==0) || (SW1==0))
 185   4                 {
 186   5                    BZ = 1;
 187   5                 }
 188   4                 else
 189   4                 {
 190   5                   BZ =0;
 191   5                 }
 192   4             }
 193   3             RL2 = 0; 
 194   3             BZ = 0;
 195   3           }
 196   2           if(SW3 == 0)
 197   2           {
 198   3             if((MGS4 == 0)&&
 199   3               (MGS3 == 0)&&
 200   3               (MGS2 == 0)&&
 201   3               (MGS1== 0)&&((RL1 == 0 )||(RL2 == 0 )||(RL3 == 0)||(RL4 ==0 )))
 202   3              {
 203   4                RL3 = 1;
 204   4                RelayCounter =0;
 205   4              }
 206   3              BZ = 1;
 207   3              sw_delay(100);
 208   3              BZ = 0; 
 209   3              sw_delay(100); 
 210   3              BZ = 1;
 211   3              sw_delay(100); 
 212   3              BZ = 0;
 213   3              ENABLE_TIMER0_INTERRUPT;
 214   3              set_TCON_TR0;
 215   3             while(RelayCounter < 1225){
 216   4                 if((MGS4 == 1)||
 217   4                    (MGS3 == 1)||
 218   4                    (MGS2 == 1)||
 219   4                    (MGS1== 1))
 220   4                    {
 221   5                        RL3 = 0;
 222   5                        DISABLE_TIMER0_INTERRUPT; 
 223   5                        clr_TCON_TR0;
 224   5                        break; 
 225   5                    }
 226   4                  if((SW4==0) || (SW3==0) || (SW2==0) || (SW1==0))
 227   4                 {
 228   5                    BZ = 1;
 229   5                 }
 230   4                 else
 231   4                 {
 232   5                      BZ = 0;
 233   5                 }
 234   4             }
 235   3             RL3 = 0;
 236   3             BZ = 0;
 237   3           }
C51 COMPILER V9.60.7.0   MAIN                                                              11/21/2023 19:45:19 PAGE 5   

 238   2           if(SW1 == 0)
 239   2           {
 240   3             if((MGS4 == 0)&&
 241   3               (MGS3 == 0)&&
 242   3               (MGS2 == 0)&&
 243   3               (MGS1== 0)&&((RL1 == 0 )||(RL2 == 0 )||(RL3 == 0)||(RL4 ==0 )))
 244   3              {
 245   4                RL1 = 1;
 246   4                RelayCounter =0;
 247   4              }
 248   3              BZ = 1;
 249   3              sw_delay(100);
 250   3              BZ = 0; 
 251   3              sw_delay(100); 
 252   3              BZ = 1;
 253   3              sw_delay(100); 
 254   3              BZ = 0;
 255   3              ENABLE_TIMER0_INTERRUPT;
 256   3              set_TCON_TR0;
 257   3              while(RelayCounter < 1225){
 258   4                  if((MGS4 == 1)||
 259   4                    (MGS3 == 1)||
 260   4                    (MGS2 == 1)||
 261   4                    (MGS1== 1))
 262   4                    {
 263   5                        RL1 = 0;
 264   5                        DISABLE_TIMER0_INTERRUPT; 
 265   5                        clr_TCON_TR0;
 266   5                        break; 
 267   5                    }
 268   4                    if((SW4==0) || (SW3==0) || (SW2==0) || (SW1==0))
 269   4                    {
 270   5                      BZ = 1;
 271   5                    }
 272   4                    else
 273   4                    {
 274   5                      BZ = 0;
 275   5                    }
 276   4             } 
 277   3             RL1 = 0;
 278   3             BZ = 0;
 279   3           }
 280   2            
 281   2           
 282   2           if(MGS4 == 0 )
 283   2           {
 284   3             LD4 = 0; 
 285   3           }
 286   2           else
 287   2           {
 288   3             LD4 = 1; 
 289   3           }
 290   2           if(MGS3 == 0)
 291   2           {
 292   3             LD3 = 0;
 293   3           }
 294   2           else
 295   2           {
 296   3             LD3= 1; 
 297   3           }
 298   2           if(MGS2 == 0)
 299   2           {
C51 COMPILER V9.60.7.0   MAIN                                                              11/21/2023 19:45:19 PAGE 6   

 300   3             LD2 = 0; 
 301   3           }
 302   2           else
 303   2           {
 304   3             LD2 = 1; 
 305   3           }
 306   2           if(MGS1== 0)
 307   2           {
 308   3             LD1 = 0;
 309   3           }
 310   2           else
 311   2           {
 312   3             LD1 = 1;
 313   3           }
 314   2          }
 315   1      }
 316          
 317          void sw_delay (int ms){
 318   1          int a, b;
 319   1          for (a=0; a<1296; a++){
 320   2               for (b=0; b<ms; b++);
 321   2          }
 322   1      }
 323          
 324          
 325          void setup (void){
 326   1        ALL_GPIO_PUSHPULL_MODE;
 327   1      }


MODULE INFORMATION:   STATIC OVERLAYABLE
   CODE SIZE        =    921    ----
   CONSTANT SIZE    =   ----    ----
   XDATA SIZE       =      8    ----
   PDATA SIZE       =   ----    ----
   DATA SIZE        =   ----    ----
   IDATA SIZE       =   ----    ----
   BIT SIZE         =      1    ----
END OF MODULE INFORMATION.


C51 COMPILATION COMPLETE.  0 WARNING(S),  0 ERROR(S)
