C51 COMPILER V9.60.7.0   MAIN                                                              11/22/2023 15:10:55 PAGE 1   


C51 COMPILER V9.60.7.0, COMPILATION OF MODULE MAIN
OBJECT MODULE PLACED IN .\Objects\main.obj
COMPILER INVOKED BY: C:\Keil_v5\C51\BIN\C51.EXE main.c LARGE OPTIMIZE(8,SPEED) BROWSE INCDIR(D:\MS51BSP_KEIL-master\MS51
                    -FB9AE_MS51XB9AE_MS51XB9BE\Library\Device\Include;D:\MS51BSP_KEIL-master\MS51FB9AE_MS51XB9AE_MS51XB9BE\Library\StdDriver\
                    -inc) DEBUG OBJECTEXTEND PRINT(.\Listings\main.lst) TABS(2) OBJECT(.\Objects\main.obj)

line level    source

   1          #include "MS51_16K.h"
   2          
   3          #define MGS4 P05
   4          #define MGS3 P06 
   5          #define MGS2 P07
   6          #define MGS1 P30
   7          
   8          #define SW4 P17
   9          #define SW3 P16
  10          #define SW2 P15
  11          #define SW1 P14
  12          
  13          #define LD4 P10
  14          #define LD3 P11
  15          #define LD2 P12 
  16          #define LD1 P13
  17          
  18          #define BZ  P00
  19          
  20          #define RL1 P04 
  21          #define RL2 P03
  22          #define RL3 P02
  23          #define RL4 P01
  24          
  25          
  26          unsigned char temp _at_ 0x08;
  27          unsigned char idata itemp _at_ 0x90;
  28          unsigned char xdata xtemp _at_ 0x80;
  29          
  30          unsigned long counter=0;
  31          unsigned long RelayCounter =0;
  32          bit sw_flag = 1;
  33          
  34          void sw_delay(int ms);
  35          void setup(void);
  36          
  37          
  38          /* if define TIMER0_FSYS_DIV12, timer = (0x1FFF-0x1000)*12/24MHz = 4.08ms */
  39          /* if define TIMER0_FSYS, timer = (0x1FFF-0x0010)/24MHz = 340us */
  40          #define TH0_INIT        0x00
  41          #define TL0_INIT        0x10 
  42          
  43          /*********************************************************************************************************
             -***
  44          *    TIMER 0 interrupt subroutine
  45          **********************************************************************************************************
             -**/
  46          void Timer0_ISR (void) interrupt 1           /*interrupt address is 0x000B */
  47          {
  48   1          _push_(SFRS);
  49   1        
  50   1          TH0 = TH0_INIT;
  51   1          TL0 = TL0_INIT;
C51 COMPILER V9.60.7.0   MAIN                                                              11/22/2023 15:10:55 PAGE 2   

  52   1          TF0 = 0 ;
  53   1          RelayCounter++;
  54   1        if(((MGS1==1) || (MGS2==1) || (MGS3==1) || (MGS4 ==1)))
  55   1        {   
  56   2          counter++;
  57   2        }
  58   1        else
  59   1        {
  60   2          counter=0;
  61   2        }
  62   1        
  63   1        if(counter > 0x993)
  64   1         {
  65   2            BZ = 1;
  66   2            sw_delay(500);
  67   2            BZ = 0;
  68   2            sw_delay(500); 
  69   2            BZ = 1;
  70   2            sw_delay(500);
  71   2            BZ = 0;
  72   2        }else
  73   1        {
  74   2            BZ = 0;
  75   2        }
  76   1        
  77   1         
  78   1           if(MGS4 == 0 )
  79   1           {
  80   2             LD4 = 0; 
  81   2           }
  82   1           else
  83   1           {
  84   2             LD4 = 1; 
  85   2           }
  86   1           if(MGS3 == 0)
  87   1           {
  88   2             LD3 = 0 ; 
  89   2           }
  90   1           else
  91   1           {
  92   2             LD3 = 1;
  93   2           }
  94   1           if(MGS2== 0){
  95   2             LD2 = 0; 
  96   2           }
  97   1           else
  98   1           {
  99   2             LD2 = 1; 
 100   2           }
 101   1           if(MGS1 == 0)
 102   1           {
 103   2             LD1 = 0;
 104   2           }
 105   1           else
 106   1           {
 107   2             LD1 = 1;
 108   2           }
 109   1          _pop_(SFRS);
 110   1      }
 111          
 112          
 113          void main(void){
C51 COMPILER V9.60.7.0   MAIN                                                              11/22/2023 15:10:55 PAGE 3   

 114   1        /* UART0 initial for printf */
 115   1        setup();
 116   1        ENABLE_TIMER1_MODE0;                           /* Timer 0 mode configuration */
 117   1        TIMER0_FSYS_DIV12;
 118   1        TH0 = TH0_INIT;
 119   1        TL0 = TL0_INIT;
 120   1        ENABLE_TIMER0_INTERRUPT;      /* Timer 0 mode configuration */
 121   1        ENABLE_GLOBAL_INTERRUPT;                       /* enable interrupts */
 122   1        set_TCON_TR0;
 123   1        
 124   1        WDT_Open(256);
 125   1        WDT_Interrupt(Disable);
 126   1        RL1 = RL2 = RL3 = RL4 = BZ=  0;
 127   1        LD4 = LD3 = LD2 = LD1 =  1 ; 
 128   1      
 129   1      while(1){
 130   2        //If MGS pin is not connected then switch will be 0 if it is not then it is 1
 131   2         if((MGS4 == 1)||
 132   2            (MGS3 == 1)||
 133   2            (MGS2 == 1)||
 134   2            (MGS1 == 1))
 135   2          {
 136   3             sw_flag = 0;
 137   3          }
 138   2          else
 139   2          {
 140   3            sw_flag = 1; 
 141   3          };
 142   2            //Switch 4
 143   2           if(SW4 == 0x00)
 144   2           { 
 145   3              //Checking all MGS 
 146   3              if((MGS4 == 0)&&
 147   3                (MGS3 == 0)&&
 148   3                (MGS2 == 0)&&
 149   3                (MGS1== 0))
 150   3              {
 151   4                RL4 = 1;
 152   4                RelayCounter =0;
 153   4              }
 154   3              //Ring the buzzer
 155   3              BZ = 1;
 156   3              sw_delay(100);
 157   3              BZ = 0; 
 158   3              sw_delay(100); 
 159   3              BZ = 1;
 160   3              sw_delay(100); 
 161   3              BZ = 0;
 162   3              while(RelayCounter < 1225){
 163   4                    
 164   4                 if((SW4==0) || (SW3==0) || (SW2==0) || (SW1==0))
 165   4                 {
 166   5                    BZ = 1;
 167   5                 }
 168   4                 else
 169   4                 {
 170   5                   BZ =0;
 171   5                 }
 172   4             }
 173   3             RL4 = 0;
 174   3           }
 175   2           
C51 COMPILER V9.60.7.0   MAIN                                                              11/22/2023 15:10:55 PAGE 4   

 176   2           
 177   2           if(SW2 == 0x00)
 178   2           {
 179   3             if((MGS4 == 0)&&
 180   3               (MGS3 == 0)&&
 181   3               (MGS2 == 0)&&
 182   3               (MGS1== 0))
 183   3            {
 184   4              RL2 = 1; 
 185   4              RelayCounter =0;
 186   4            }
 187   3             BZ = 1;
 188   3             sw_delay(100); 
 189   3             BZ = 0; 
 190   3             while(RelayCounter < 1225){
 191   4                  if((SW4==0) || (SW3==0) || (SW2==0) || (SW1==0))
 192   4                 {
 193   5                   BZ = 1; 
 194   5                 }
 195   4                 else
 196   4                 {
 197   5                   BZ = 0;
 198   5                 }
 199   4             }
 200   3             RL2 = 0; 
 201   3           }
 202   2           if(SW3 == 0)
 203   2           {
 204   3             if((MGS4 == 0)&&
 205   3               (MGS3 == 0)&&
 206   3               (MGS2 == 0)&&
 207   3               (MGS1== 0))
 208   3              {
 209   4                RL3 = 1;
 210   4                RelayCounter =0;
 211   4              }
 212   3              BZ = 1;
 213   3              sw_delay(100);
 214   3              BZ = 0; 
 215   3              sw_delay(100); 
 216   3              BZ = 1;
 217   3              sw_delay(100); 
 218   3              BZ = 0;
 219   3             while(RelayCounter < 1225){
 220   4                  if((SW4==0) || (SW3==0) || (SW2==0) || (SW1==0))
 221   4                 {
 222   5                    BZ = 1;
 223   5                 }
 224   4                 else
 225   4                 {
 226   5                      BZ = 0;
 227   5                 }
 228   4             }
 229   3             RL3 = 0;
 230   3             BZ = 0;
 231   3           }
 232   2           if(SW1 == 0)
 233   2           {
 234   3             if((MGS4 == 0)&&
 235   3               (MGS3 == 0)&&
 236   3               (MGS2 == 0)&&
 237   3               (MGS1== 0))
C51 COMPILER V9.60.7.0   MAIN                                                              11/22/2023 15:10:55 PAGE 5   

 238   3              {
 239   4                RL1 = 1;
 240   4                RelayCounter =0;
 241   4              }
 242   3              BZ = 1;
 243   3              sw_delay(100);
 244   3              BZ = 0; 
 245   3              sw_delay(100); 
 246   3              BZ = 1;
 247   3              sw_delay(100); 
 248   3              BZ = 0;
 249   3              while(RelayCounter < 1225){
 250   4                    if((SW4==0) || (SW3==0) || (SW2==0) || (SW1==0))
 251   4                    {
 252   5                      BZ = 1;
 253   5                    }
 254   4                    else
 255   4                    {
 256   5                      BZ = 0;
 257   5                    }
 258   4             } 
 259   3             RL1 = 0;
 260   3           }
 261   2            
 262   2          
 263   2          }
 264   1      }
 265          
 266          void sw_delay (int ms){
 267   1          int a, b;
 268   1          for (a=0; a<1296; a++){
 269   2               for (b=0; b<ms; b++);
 270   2          }
 271   1      }
 272          
 273          
 274          void setup (void){
 275   1        ALL_GPIO_PUSHPULL_MODE;
 276   1      }


MODULE INFORMATION:   STATIC OVERLAYABLE
   CODE SIZE        =    753    ----
   CONSTANT SIZE    =   ----    ----
   XDATA SIZE       =      8    ----
   PDATA SIZE       =   ----    ----
   DATA SIZE        =   ----    ----
   IDATA SIZE       =   ----    ----
   BIT SIZE         =      1    ----
END OF MODULE INFORMATION.


C51 COMPILATION COMPLETE.  0 WARNING(S),  0 ERROR(S)
